
[TestMinimal - 1]
(tok PROC "proc" (loc 3 (14 18)))
(tok IDENTIFIER "main" (loc 3 (19 23)))
(tok LPAREN "(" (loc 3 (23 24)))
(tok RBRACE ")" (loc 3 (24 25)))
(tok LBRACE "{" (loc 3 (26 27)))
(tok FIXNUM "3" (loc 4 (30 31)))
(tok ADD "+" (loc 4 (32 33)))
(tok FIXNUM "5" (loc 4 (34 35)))
(tok MUL "*" (loc 4 (36 37)))
(tok FIXNUM "4" (loc 4 (38 39)))
(tok RBRACE "}" (loc 5 (40 41)))
(tok EOF "" (loc 6 (42 42)))
---
